
Building shared projected basis and Hamiltonian...
Lattice shape: Lx=3, Ly=9
Projected orbitals: 27
done. time: 1.3572 sec
Preparing many-body operator data (Numba compact arrays)...
done. time: 1.9293 sec
Precomputing momentum-sector basis cache...
done. time: 34.9279 sec
Starting Hamiltonain sparse matrix construction and diagonalization.
Parallel sector solves: workers=8, sectors=27
  completed 1/27: sector=(0, 4) dim=173583 solver=sparse
  completed 2/27: sector=(0, 5) dim=173583 solver=sparse
  completed 3/27: sector=(0, 2) dim=173583 solver=sparse
  completed 4/27: sector=(0, 7) dim=173583 solver=sparse
  completed 5/27: sector=(0, 0) dim=173613 solver=sparse
  completed 6/27: sector=(0, 1) dim=173583 solver=sparse
  completed 7/27: sector=(0, 3) dim=173610 solver=sparse
  completed 8/27: sector=(0, 6) dim=173610 solver=sparse
  completed 9/27: sector=(0, 8) dim=173583 solver=sparse
  completed 10/27: sector=(1, 1) dim=173583 solver=sparse
  completed 11/27: sector=(1, 4) dim=173583 solver=sparse
  completed 12/27: sector=(1, 2) dim=173583 solver=sparse
  completed 13/27: sector=(1, 5) dim=173583 solver=sparse
  completed 14/27: sector=(1, 0) dim=173583 solver=sparse
  completed 15/27: sector=(1, 3) dim=173583 solver=sparse
  completed 16/27: sector=(1, 6) dim=173583 solver=sparse
  completed 17/27: sector=(2, 4) dim=173583 solver=sparse
  completed 18/27: sector=(1, 7) dim=173583 solver=sparse
  completed 19/27: sector=(2, 5) dim=173583 solver=sparse
  completed 20/27: sector=(2, 0) dim=173583 solver=sparse
  completed 21/27: sector=(1, 8) dim=173583 solver=sparse
  completed 22/27: sector=(2, 1) dim=173583 solver=sparse
  completed 23/27: sector=(2, 3) dim=173583 solver=sparse
  completed 24/27: sector=(2, 2) dim=173583 solver=sparse
  completed 25/27: sector=(2, 7) dim=173583 solver=sparse
  completed 26/27: sector=(2, 8) dim=173583 solver=sparse
  completed 27/27: sector=(2, 6) dim=173583 solver=sparse
done. time: 3276.3261 sec
Global ground state sector from spectrum scan: (0, 0), energy=-13.655216275915
Solved ground-state eigenvector in sector (0, 0): dim=173613 solver=sparse energy=-13.655216275915
Done. Outputs saved under:
  /home/areddy/netket/results/mote2_three_orbital/ED/ED_scm_3_6_m3_3_nf9_delta_5.43_ez_0.00_tth1_1.00_thh1_0.47_tth2_-0.07_thh3_0.04_ttt1_-0.04_V1_0.30_lowest_band_20260221
